[2026-09-06T17:34:14.871Z][INFO] Command-line: E:\\unity\\6000.6.0f1\\Editor\\Data\\Resources\\PackageManager\\Server\\UnityPackageManager.exe server -s 15444 --ipc-path Unity-Upm-15444 -l 2 --log-file 'D:\\gioco per ari\\Unity_Fork\\LastSeen426\\LastSeen426_Real/Logs/upm.log'
[2026-09-06T17:34:15.474Z][INFO] IPC server started (IPC path=Unity-Upm-15444).
[2026-09-06T17:34:15.475Z][INFO] Hint: To connect to this UPM instance, launch Unity with the command-line parameter -upmIpcPath Upm-15444.
[2026-09-06T17:34:47.637Z][INFO] project:list-packages <-- Request received
params: {}
[2026-09-06T17:34:47.682Z][INFO] project:list-packages --> 404 (45 ms)
[2026-09-06T17:34:59.002Z][INFO] config:project:get-registries <-- Request received
params: {}
[2026-09-06T17:34:59.003Z][INFO] config:project:get-registries --> 404 (1 ms)
[2026-09-06T17:34:59.202Z][INFO] project:list-packages <-- Request received
params: {}
[2026-09-06T17:34:59.203Z][INFO] project:list-packages --> 404 (1 ms)
[2026-09-06T17:35:00.729Z][INFO] project:update-dependencies <-- Request received
params: {}
[2026-09-06T17:35:01.013Z][INFO] project:update-dependencies --> 200 (284 ms)
[2026-09-06T17:35:01.079Z][INFO] project:resolve-packages <-- Request received
params: {}
[2026-09-06T17:35:12.786Z][INFO] project:resolve-packages --> 200 (11707 ms)
[2026-09-06T17:36:12.628Z][INFO] project:list-packages <-- Request received
params: {}
[2026-09-06T17:36:12.811Z][INFO] project:list-packages <-- Request received
params: {}
[2026-09-06T17:36:13.096Z][INFO] config:project:get-registries <-- Request received
params: {}
[2026-09-06T17:36:13.242Z][INFO] config:project:get-registries --> 200 (146 ms)
[2026-09-06T17:36:13.329Z][INFO] project:list-packages --> 200 (701 ms)
[2026-09-06T17:36:13.330Z][INFO] project:list-packages --> 200 (519 ms)
[2026-09-06T17:36:30.188Z][INFO] project:list-packages <-- Request received
params: {}
[2026-09-06T17:36:30.920Z][INFO] project:list-packages --> 200 (732 ms)
[2026-09-06T17:36:31.446Z][INFO] project:list-packages <-- Request received
params: {}
[2026-09-06T17:36:31.557Z][INFO] project:list-packages --> 200 (111 ms)
[2026-09-06T17:36:31.703Z][INFO] packages:get-all-packageinfo <-- Request received
params: {}
[2026-09-06T17:36:31.720Z][INFO] packages:get-all-packageinfo <-- Request received
params: {}
[2026-09-06T17:37:09.228Z][INFO] project:list-packages <-- Request received
params: {}
[2026-09-06T17:37:09.981Z][INFO] project:list-packages --> 200 (753 ms)
[2026-09-06T17:37:16.312Z][INFO] packages:get-all-packageinfo --> 200 (44592 ms)
[2026-09-06T17:37:16.565Z][INFO] packages:get-all-packageinfo --> 200 (44861 ms)
[2026-09-06T17:37:16.795Z][INFO] packages:get-packageinfo <-- Request received
params: {
  "packageId": "com.unity.addressables@2.11.2"
}
[2026-09-06T17:37:16.811Z][INFO] packages:get-packageinfo <-- Request received
params: {
  "packageId": "com.unity.ads.ios-support@1.0.1"
}
[2026-09-06T17:37:16.835Z][INFO] packages:get-packageinfo <-- Request received
params: {
  "packageId": "com.unity.project-auditor-rules@1.0.3"
}
[2026-09-06T17:37:16.857Z][INFO] packages:get-packageinfo <-- Request received
params: {
  "packageId": "com.unity.scriptablebuildpipeline@3.0.3"
}
[2026-09-06T17:37:16.859Z][INFO] packages:get-packageinfo <-- Request received
params: {
  "packageId": "com.unity.services.friends@1.1.1"
}
[2026-09-06T17:37:16.912Z][INFO] packages:get-packageinfo <-- Request received
params: {
  "packageId": "com.unity.services.moderation@1.0.2"
}
[2026-09-06T17:37:17.010Z][INFO] packages:get-packageinfo --> 200 (215 ms)
[2026-09-06T17:37:17.181Z][INFO] packages:get-packageinfo --> 200 (322 ms)
[2026-09-06T17:37:17.183Z][INFO] packages:get-packageinfo --> 200 (348 ms)
[2026-09-06T17:37:17.187Z][INFO] packages:get-packageinfo --> 200 (274 ms)
[2026-09-06T17:37:17.194Z][INFO] packages:get-packageinfo --> 200 (382 ms)
[2026-09-06T17:37:17.196Z][INFO] packages:get-packageinfo --> 200 (339 ms)
[2026-09-06T18:32:09.283Z][INFO] project:list-packages <-- Request received
params: {}
[2026-09-06T18:32:10.911Z][INFO] project:list-packages --> 200 (1635 ms)
[2026-09-06T18:32:33.002Z][INFO] tarball:extract <-- Request received
params: {}
[2026-09-06T18:32:36.246Z][INFO] tarball:extract --> 200 (3244 ms)
[2026-09-06T18:35:53.542Z][INFO] project:list-packages <-- Request received
params: {}
[2026-09-06T18:35:53.942Z][INFO] project:list-packages <-- Request received
params: {}
[2026-09-06T18:35:54.331Z][INFO] project:list-packages --> 200 (389 ms)
[2026-09-06T18:35:54.332Z][INFO] project:list-packages --> 200 (790 ms)
[2026-09-06T18:35:55.634Z][INFO] project:list-packages <-- Request received
params: {}
[2026-09-06T18:35:55.716Z][INFO] project:list-packages --> 200 (82 ms)
[2026-09-06T18:35:56.232Z][INFO] project:list-packages <-- Request received
params: {}
[2026-09-06T18:35:56.319Z][INFO] project:list-packages --> 200 (87 ms)
